[debug] [2026-08-02T17:55:27.288Z] ----------------------------------------------------------------------
[debug] [2026-08-02T17:55:27.295Z] Command:       C:\Program Files\nodejs\node.exe C:\Users\Dell Latitute3490\AppData\Roaming\npm\node_modules\firebase-tools\lib\bin\firebase.js deploy --only hosting
[debug] [2026-08-02T17:55:27.296Z] CLI Version:   15.22.4
[debug] [2026-08-02T17:55:27.296Z] Platform:      win32
[debug] [2026-08-02T17:55:27.296Z] Node Version:  v20.11.0
[debug] [2026-08-02T17:55:27.297Z] Detected Agent: antigravity
[debug] [2026-08-02T17:55:27.297Z] Time:          Mon Aug 03 2026 00:55:27 GMT+0700 (Indochina Time)
[debug] [2026-08-02T17:55:27.297Z] ----------------------------------------------------------------------
[debug] 
[debug] [2026-08-02T17:55:32.194Z] > command requires scopes: ["email","openid","https://www.googleapis.com/auth/cloudplatformprojects.readonly","https://www.googleapis.com/auth/firebase","https://www.googleapis.com/auth/cloud-platform"]
[debug] [2026-08-02T17:55:32.195Z] > authorizing via signed-in user (xflowstudio5@gmail.com)
[debug] [2026-08-02T17:55:32.197Z] [iam] checking project delight-fashion for permissions ["firebase.projects.get","firebasehosting.sites.update"]
[debug] [2026-08-02T17:55:32.200Z] Checked if tokens are valid: true, expires at: 1785695261859
[debug] [2026-08-02T17:55:32.201Z] Checked if tokens are valid: true, expires at: 1785695261859
[debug] [2026-08-02T17:55:32.203Z] >>> [apiv2][query] POST https://cloudresourcemanager.googleapis.com/v1/projects/delight-fashion:testIamPermissions [none]
[debug] [2026-08-02T17:55:32.204Z] >>> [apiv2][(partial)header] POST https://cloudresourcemanager.googleapis.com/v1/projects/delight-fashion:testIamPermissions  x-goog-user-project=delight-fashion
[debug] [2026-08-02T17:55:32.205Z] >>> [apiv2][body] POST https://cloudresourcemanager.googleapis.com/v1/projects/delight-fashion:testIamPermissions {"permissions":["firebase.projects.get","firebasehosting.sites.update"]}
[debug] [2026-08-02T17:55:34.010Z] <<< [apiv2][status] POST https://cloudresourcemanager.googleapis.com/v1/projects/delight-fashion:testIamPermissions 200
[debug] [2026-08-02T17:55:34.011Z] <<< [apiv2][body] POST https://cloudresourcemanager.googleapis.com/v1/projects/delight-fashion:testIamPermissions {"permissions":["firebase.projects.get","firebasehosting.sites.update"]}
[debug] [2026-08-02T17:55:34.013Z] Checked if tokens are valid: true, expires at: 1785695261859
[debug] [2026-08-02T17:55:34.014Z] Checked if tokens are valid: true, expires at: 1785695261859
[debug] [2026-08-02T17:55:34.015Z] >>> [apiv2][query] GET https://firebase.googleapis.com/v1beta1/projects/delight-fashion [none]
[debug] [2026-08-02T17:55:35.622Z] <<< [apiv2][status] GET https://firebase.googleapis.com/v1beta1/projects/delight-fashion 200
[debug] [2026-08-02T17:55:35.622Z] <<< [apiv2][body] GET https://firebase.googleapis.com/v1beta1/projects/delight-fashion {"projectId":"delight-fashion","projectNumber":"254861094885","displayName":"Delight-Fashion","name":"projects/delight-fashion","resources":{"hostingSite":"delight-fashion","realtimeDatabaseInstance":"delight-fashion-default-rtdb"},"state":"ACTIVE","labels":{"firebase":"enabled"},"etag":"1_4eda1199-f688-4973-a74e-548c478f0fbc"}
[debug] [2026-08-02T17:55:45.764Z] defaultcredentials: writing to file C:\Users\Dell Latitute3490\AppData\Roaming\firebase\xflowstudio5_gmail_com_application_default_credentials.json
[debug] [2026-08-02T17:55:45.768Z] Checked if tokens are valid: true, expires at: 1785695261859
[debug] [2026-08-02T17:55:45.769Z] Checked if tokens are valid: true, expires at: 1785695261859
[debug] [2026-08-02T17:55:45.770Z] >>> [apiv2][query] GET https://firebasehosting.googleapis.com/v1beta1/projects/delight-fashion/sites pageToken=&pageSize=10
[debug] [2026-08-02T17:55:47.735Z] <<< [apiv2][status] GET https://firebasehosting.googleapis.com/v1beta1/projects/delight-fashion/sites 200
[debug] [2026-08-02T17:55:47.735Z] <<< [apiv2][body] GET https://firebasehosting.googleapis.com/v1beta1/projects/delight-fashion/sites {"sites":[{"name":"projects/delight-fashion/sites/delight-fashion","defaultUrl":"https://delight-fashion.web.app","appId":"1:254861094885:web:c155c64500288a1f9d490c","type":"DEFAULT_SITE"},{"name":"projects/delight-fashion/sites/delight-fashion-kh","defaultUrl":"https://delight-fashion-kh.web.app","appId":"1:254861094885:web:98fbc7d9260ea46e9d490c","type":"USER_SITE"}]}
[debug] [2026-08-02T17:55:47.735Z] Checked if tokens are valid: true, expires at: 1785695261859
[debug] [2026-08-02T17:55:47.735Z] Checked if tokens are valid: true, expires at: 1785695261859
[debug] [2026-08-02T17:55:47.736Z] >>> [apiv2][query] GET https://firebase.googleapis.com/v1beta1/projects/-/webApps/1:254861094885:web:c155c64500288a1f9d490c/config [none]
[debug] [2026-08-02T17:55:49.439Z] <<< [apiv2][status] GET https://firebase.googleapis.com/v1beta1/projects/-/webApps/1:254861094885:web:c155c64500288a1f9d490c/config 200
[debug] [2026-08-02T17:55:49.439Z] <<< [apiv2][body] GET https://firebase.googleapis.com/v1beta1/projects/-/webApps/1:254861094885:web:c155c64500288a1f9d490c/config {"projectId":"delight-fashion","appId":"1:254861094885:web:c155c64500288a1f9d490c","databaseURL":"https://delight-fashion-default-rtdb.asia-southeast1.firebasedatabase.app","storageBucket":"delight-fashion.firebasestorage.app","apiKey":"AIzaSyDL8IeKhS58N57LfJqamZD0re1fmqkCAZs","authDomain":"delight-fashion.firebaseapp.com","messagingSenderId":"254861094885","measurementId":"G-Y3MGWNRHNY","projectNumber":"254861094885","version":"2"}
[info] 
   Thank you for trying our early preview of Next.js support on Firebase Hosting.
   During the preview, support is best-effort and breaking changes can be expected. Proceed with caution.
   The integration is known to work with Next.js version 12 - 16.0. You may encounter errors.

   Documentation: https://firebase.google.com/docs/hosting/frameworks/nextjs
   File a bug: https://github.com/firebase/firebase-tools/issues/new?template=bug_report.md
   Submit a feature request: https://github.com/firebase/firebase-tools/issues/new?template=feature_request.md

   We'd love to learn from you. Express your interest in helping us shape the future of Firebase Hosting: https://goo.gle/41enW5X

[debug] [2026-08-02T17:56:05.703Z] Checked if tokens are valid: true, expires at: 1785695261859
[debug] [2026-08-02T17:56:05.704Z] Checked if tokens are valid: true, expires at: 1785695261859
[debug] [2026-08-02T17:56:05.704Z] >>> [apiv2][query] GET https://firebasehosting.googleapis.com/v1beta1/projects/delight-fashion/sites/delight-fashion [none]
[debug] [2026-08-02T17:56:07.606Z] <<< [apiv2][status] GET https://firebasehosting.googleapis.com/v1beta1/projects/delight-fashion/sites/delight-fashion 200
[debug] [2026-08-02T17:56:07.607Z] <<< [apiv2][body] GET https://firebasehosting.googleapis.com/v1beta1/projects/delight-fashion/sites/delight-fashion {"name":"projects/delight-fashion/sites/delight-fashion","defaultUrl":"https://delight-fashion.web.app","appId":"1:254861094885:web:c155c64500288a1f9d490c","type":"DEFAULT_SITE"}
[info] ▲ Next.js 16.2.12 (Turbopack)

[info] - Environments: .env.local


[info]   Creating an optimized production build ...

[info] ✓ Compiled successfully in 23.3s

[info]   Running TypeScript ...

[info] Failed to type check.


[info] ./src/components/admin/ImageUploadWidget.tsx:190:19
Type error: Type '"danger"' is not assignable to type '"gold" | "outline" | "primary" | "secondary" | "ghost" | undefined'.

  188 |                 <Button
  189 |                   type="button"
> 190 |                   variant="danger"
      |                   ^
  191 |                   size="sm"
  192 |                   onClick={() => removeImage(img.id)}
  193 |                   className="w-full text-[10px] h-7"

[info] Next.js build worker exited with code: 1 and signal: null

[debug] [2026-08-02T17:57:01.042Z] Error: ENOENT: no such file or directory, open 'D:\WEB Development\Delight-Fashion\.next\export-marker.json'
[error] 
[error] Error: An unexpected error has occurred.
[debug] [2026-08-02T17:59:03.902Z] ----------------------------------------------------------------------
[debug] [2026-08-02T17:59:03.910Z] Command:       C:\Program Files\nodejs\node.exe C:\Users\Dell Latitute3490\AppData\Roaming\npm\node_modules\firebase-tools\lib\bin\firebase.js deploy --only hosting
[debug] [2026-08-02T17:59:03.911Z] CLI Version:   15.22.4
[debug] [2026-08-02T17:59:03.911Z] Platform:      win32
[debug] [2026-08-02T17:59:03.911Z] Node Version:  v20.11.0
[debug] [2026-08-02T17:59:03.911Z] Detected Agent: antigravity
[debug] [2026-08-02T17:59:03.911Z] Time:          Mon Aug 03 2026 00:59:03 GMT+0700 (Indochina Time)
[debug] [2026-08-02T17:59:03.912Z] ----------------------------------------------------------------------
[debug] 
[debug] [2026-08-02T17:59:08.942Z] > command requires scopes: ["email","openid","https://www.googleapis.com/auth/cloudplatformprojects.readonly","https://www.googleapis.com/auth/firebase","https://www.googleapis.com/auth/cloud-platform"]
[debug] [2026-08-02T17:59:08.943Z] > authorizing via signed-in user (xflowstudio5@gmail.com)
[debug] [2026-08-02T17:59:08.943Z] [iam] checking project delight-fashion for permissions ["firebase.projects.get","firebasehosting.sites.update"]
[debug] [2026-08-02T17:59:08.946Z] Checked if tokens are valid: true, expires at: 1785695261859
[debug] [2026-08-02T17:59:08.947Z] Checked if tokens are valid: true, expires at: 1785695261859
[debug] [2026-08-02T17:59:08.951Z] >>> [apiv2][query] POST https://cloudresourcemanager.googleapis.com/v1/projects/delight-fashion:testIamPermissions [none]
[debug] [2026-08-02T17:59:08.952Z] >>> [apiv2][(partial)header] POST https://cloudresourcemanager.googleapis.com/v1/projects/delight-fashion:testIamPermissions  x-goog-user-project=delight-fashion
[debug] [2026-08-02T17:59:08.952Z] >>> [apiv2][body] POST https://cloudresourcemanager.googleapis.com/v1/projects/delight-fashion:testIamPermissions {"permissions":["firebase.projects.get","firebasehosting.sites.update"]}
[debug] [2026-08-02T17:59:10.896Z] <<< [apiv2][status] POST https://cloudresourcemanager.googleapis.com/v1/projects/delight-fashion:testIamPermissions 200
[debug] [2026-08-02T17:59:10.897Z] <<< [apiv2][body] POST https://cloudresourcemanager.googleapis.com/v1/projects/delight-fashion:testIamPermissions {"permissions":["firebase.projects.get","firebasehosting.sites.update"]}
[debug] [2026-08-02T17:59:10.898Z] Checked if tokens are valid: true, expires at: 1785695261859
[debug] [2026-08-02T17:59:10.898Z] Checked if tokens are valid: true, expires at: 1785695261859
[debug] [2026-08-02T17:59:10.899Z] >>> [apiv2][query] GET https://firebase.googleapis.com/v1beta1/projects/delight-fashion [none]
[debug] [2026-08-02T17:59:12.976Z] <<< [apiv2][status] GET https://firebase.googleapis.com/v1beta1/projects/delight-fashion 200
[debug] [2026-08-02T17:59:12.976Z] <<< [apiv2][body] GET https://firebase.googleapis.com/v1beta1/projects/delight-fashion {"projectId":"delight-fashion","projectNumber":"254861094885","displayName":"Delight-Fashion","name":"projects/delight-fashion","resources":{"hostingSite":"delight-fashion","realtimeDatabaseInstance":"delight-fashion-default-rtdb"},"state":"ACTIVE","labels":{"firebase":"enabled"},"etag":"1_4eda1199-f688-4973-a74e-548c478f0fbc"}
[info] 
   Thank you for trying our early preview of Next.js support on Firebase Hosting.
   During the preview, support is best-effort and breaking changes can be expected. Proceed with caution.
   The integration is known to work with Next.js version 12 - 16.0. You may encounter errors.

   Documentation: https://firebase.google.com/docs/hosting/frameworks/nextjs
   File a bug: https://github.com/firebase/firebase-tools/issues/new?template=bug_report.md
   Submit a feature request: https://github.com/firebase/firebase-tools/issues/new?template=feature_request.md

   We'd love to learn from you. Express your interest in helping us shape the future of Firebase Hosting: https://goo.gle/41enW5X

[debug] [2026-08-02T17:59:48.007Z] Checked if tokens are valid: true, expires at: 1785695261859
[debug] [2026-08-02T17:59:48.008Z] Checked if tokens are valid: true, expires at: 1785695261859
[debug] [2026-08-02T17:59:48.008Z] >>> [apiv2][query] GET https://firebasehosting.googleapis.com/v1beta1/projects/delight-fashion/sites/delight-fashion [none]
[debug] [2026-08-02T17:59:50.806Z] <<< [apiv2][status] GET https://firebasehosting.googleapis.com/v1beta1/projects/delight-fashion/sites/delight-fashion 200
[debug] [2026-08-02T17:59:50.807Z] <<< [apiv2][body] GET https://firebasehosting.googleapis.com/v1beta1/projects/delight-fashion/sites/delight-fashion {"name":"projects/delight-fashion/sites/delight-fashion","defaultUrl":"https://delight-fashion.web.app","appId":"1:254861094885:web:c155c64500288a1f9d490c","type":"DEFAULT_SITE"}
[info] ▲ Next.js 16.2.12 (Turbopack)

[info] - Environments: .env.local


[info]   Creating an optimized production build ...

[info] ✓ Compiled successfully in 13.5s

[info]   Running TypeScript ...

[info] Failed to type check.


[info] ./src/components/admin/ProductEditor.tsx:90:7
Type error: Type '"active" | "draft" | "archived"' is not assignable to type '"active" | "draft"'.
  Type '"archived"' is not assignable to type '"active" | "draft"'.

  88 |       availableColors: colorArr,
  89 |       totalStock,
> 90 |       status,
     |       ^
  91 |       isFeatured,
  92 |       isBestSeller: initialProduct?.isBestSeller || false,
  93 |     };

[info] Next.js build worker exited with code: 1 and signal: null

[debug] [2026-08-02T18:00:21.285Z] Error: ENOENT: no such file or directory, open 'D:\WEB Development\Delight-Fashion\.next\export-marker.json'
[error] 
[error] Error: An unexpected error has occurred.
[debug] [2026-08-02T18:05:13.033Z] ----------------------------------------------------------------------
[debug] [2026-08-02T18:05:13.038Z] Command:       C:\Program Files\nodejs\node.exe C:\Users\Dell Latitute3490\AppData\Roaming\npm\node_modules\firebase-tools\lib\bin\firebase.js deploy --only hosting
[debug] [2026-08-02T18:05:13.038Z] CLI Version:   15.22.4
[debug] [2026-08-02T18:05:13.039Z] Platform:      win32
[debug] [2026-08-02T18:05:13.039Z] Node Version:  v20.11.0
[debug] [2026-08-02T18:05:13.039Z] Detected Agent: antigravity
[debug] [2026-08-02T18:05:13.039Z] Time:          Mon Aug 03 2026 01:05:13 GMT+0700 (Indochina Time)
[debug] [2026-08-02T18:05:13.039Z] ----------------------------------------------------------------------
[debug] 
[debug] [2026-08-02T18:05:16.659Z] > command requires scopes: ["email","openid","https://www.googleapis.com/auth/cloudplatformprojects.readonly","https://www.googleapis.com/auth/firebase","https://www.googleapis.com/auth/cloud-platform"]
[debug] [2026-08-02T18:05:16.660Z] > authorizing via signed-in user (xflowstudio5@gmail.com)
[debug] [2026-08-02T18:05:16.660Z] [iam] checking project delight-fashion for permissions ["firebase.projects.get","firebasehosting.sites.update"]
[debug] [2026-08-02T18:05:16.662Z] Checked if tokens are valid: true, expires at: 1785695261859
[debug] [2026-08-02T18:05:16.663Z] Checked if tokens are valid: true, expires at: 1785695261859
[debug] [2026-08-02T18:05:16.664Z] >>> [apiv2][query] POST https://cloudresourcemanager.googleapis.com/v1/projects/delight-fashion:testIamPermissions [none]
[debug] [2026-08-02T18:05:16.664Z] >>> [apiv2][(partial)header] POST https://cloudresourcemanager.googleapis.com/v1/projects/delight-fashion:testIamPermissions  x-goog-user-project=delight-fashion
[debug] [2026-08-02T18:05:16.665Z] >>> [apiv2][body] POST https://cloudresourcemanager.googleapis.com/v1/projects/delight-fashion:testIamPermissions {"permissions":["firebase.projects.get","firebasehosting.sites.update"]}
[debug] [2026-08-02T18:05:19.920Z] <<< [apiv2][status] POST https://cloudresourcemanager.googleapis.com/v1/projects/delight-fashion:testIamPermissions 200
[debug] [2026-08-02T18:05:19.920Z] <<< [apiv2][body] POST https://cloudresourcemanager.googleapis.com/v1/projects/delight-fashion:testIamPermissions {"permissions":["firebase.projects.get","firebasehosting.sites.update"]}
[debug] [2026-08-02T18:05:19.921Z] Checked if tokens are valid: true, expires at: 1785695261859
[debug] [2026-08-02T18:05:19.921Z] Checked if tokens are valid: true, expires at: 1785695261859
[debug] [2026-08-02T18:05:19.921Z] >>> [apiv2][query] GET https://firebase.googleapis.com/v1beta1/projects/delight-fashion [none]
[debug] [2026-08-02T18:05:21.128Z] <<< [apiv2][status] GET https://firebase.googleapis.com/v1beta1/projects/delight-fashion 200
[debug] [2026-08-02T18:05:21.129Z] <<< [apiv2][body] GET https://firebase.googleapis.com/v1beta1/projects/delight-fashion {"projectId":"delight-fashion","projectNumber":"254861094885","displayName":"Delight-Fashion","name":"projects/delight-fashion","resources":{"hostingSite":"delight-fashion","realtimeDatabaseInstance":"delight-fashion-default-rtdb"},"state":"ACTIVE","labels":{"firebase":"enabled"},"etag":"1_4eda1199-f688-4973-a74e-548c478f0fbc"}
[debug] [2026-08-02T18:05:29.427Z] defaultcredentials: writing to file C:\Users\Dell Latitute3490\AppData\Roaming\firebase\xflowstudio5_gmail_com_application_default_credentials.json
[debug] [2026-08-02T18:05:29.433Z] Checked if tokens are valid: true, expires at: 1785695261859
[debug] [2026-08-02T18:05:29.433Z] Checked if tokens are valid: true, expires at: 1785695261859
[debug] [2026-08-02T18:05:29.434Z] >>> [apiv2][query] GET https://firebasehosting.googleapis.com/v1beta1/projects/delight-fashion/sites pageToken=&pageSize=10
[debug] [2026-08-02T18:05:33.307Z] <<< [apiv2][status] GET https://firebasehosting.googleapis.com/v1beta1/projects/delight-fashion/sites 200
[debug] [2026-08-02T18:05:33.307Z] <<< [apiv2][body] GET https://firebasehosting.googleapis.com/v1beta1/projects/delight-fashion/sites {"sites":[{"name":"projects/delight-fashion/sites/delight-fashion","defaultUrl":"https://delight-fashion.web.app","appId":"1:254861094885:web:c155c64500288a1f9d490c","type":"DEFAULT_SITE"},{"name":"projects/delight-fashion/sites/delight-fashion-kh","defaultUrl":"https://delight-fashion-kh.web.app","appId":"1:254861094885:web:98fbc7d9260ea46e9d490c","type":"USER_SITE"}]}
[debug] [2026-08-02T18:05:33.308Z] Checked if tokens are valid: true, expires at: 1785695261859
[debug] [2026-08-02T18:05:33.308Z] Checked if tokens are valid: true, expires at: 1785695261859
[debug] [2026-08-02T18:05:33.308Z] >>> [apiv2][query] GET https://firebase.googleapis.com/v1beta1/projects/-/webApps/1:254861094885:web:c155c64500288a1f9d490c/config [none]
[debug] [2026-08-02T18:05:37.365Z] <<< [apiv2][status] GET https://firebase.googleapis.com/v1beta1/projects/-/webApps/1:254861094885:web:c155c64500288a1f9d490c/config 200
[debug] [2026-08-02T18:05:37.366Z] <<< [apiv2][body] GET https://firebase.googleapis.com/v1beta1/projects/-/webApps/1:254861094885:web:c155c64500288a1f9d490c/config {"projectId":"delight-fashion","appId":"1:254861094885:web:c155c64500288a1f9d490c","databaseURL":"https://delight-fashion-default-rtdb.asia-southeast1.firebasedatabase.app","storageBucket":"delight-fashion.firebasestorage.app","apiKey":"AIzaSyDL8IeKhS58N57LfJqamZD0re1fmqkCAZs","authDomain":"delight-fashion.firebaseapp.com","messagingSenderId":"254861094885","measurementId":"G-Y3MGWNRHNY","projectNumber":"254861094885","version":"2"}
[info] 
   Thank you for trying our early preview of Next.js support on Firebase Hosting.
   During the preview, support is best-effort and breaking changes can be expected. Proceed with caution.
   The integration is known to work with Next.js version 12 - 16.0. You may encounter errors.

   Documentation: https://firebase.google.com/docs/hosting/frameworks/nextjs
   File a bug: https://github.com/firebase/firebase-tools/issues/new?template=bug_report.md
   Submit a feature request: https://github.com/firebase/firebase-tools/issues/new?template=feature_request.md

   We'd love to learn from you. Express your interest in helping us shape the future of Firebase Hosting: https://goo.gle/41enW5X

[debug] [2026-08-02T18:05:52.750Z] Checked if tokens are valid: true, expires at: 1785695261859
[debug] [2026-08-02T18:05:52.751Z] Checked if tokens are valid: true, expires at: 1785695261859
[debug] [2026-08-02T18:05:52.751Z] >>> [apiv2][query] GET https://firebasehosting.googleapis.com/v1beta1/projects/delight-fashion/sites/delight-fashion [none]
[debug] [2026-08-02T18:05:55.401Z] <<< [apiv2][status] GET https://firebasehosting.googleapis.com/v1beta1/projects/delight-fashion/sites/delight-fashion 200
[debug] [2026-08-02T18:05:55.401Z] <<< [apiv2][body] GET https://firebasehosting.googleapis.com/v1beta1/projects/delight-fashion/sites/delight-fashion {"name":"projects/delight-fashion/sites/delight-fashion","defaultUrl":"https://delight-fashion.web.app","appId":"1:254861094885:web:c155c64500288a1f9d490c","type":"DEFAULT_SITE"}
[info] ▲ Next.js 16.2.12 (Turbopack)

[info] - Environments: .env.local


[info]   Creating an optimized production build ...

[info] ✓ Compiled successfully in 15.8s

[info]   Running TypeScript ...

[info] Failed to type check.


[info] ./src/components/storefront/CatalogClient.tsx:24:12
Type error: Property 'onAddToCart' is missing in type '{ key: string; product: Product; onQuickView: (p: Product) => void; }' but required in type 'ProductCardProps'.

  22 |       <div className="grid grid-cols-1 sm:grid-cols-2 lg:grid-cols-3 gap-x-6 gap-y-12">
  23 |         {products.map((product) => (
> 24 |           <ProductCard
     |            ^
  25 |             key={product.id}
  26 |             product={product}
  27 |             onQuickView={(p) => setQuickViewProduct(p)}

[info] Next.js build worker exited with code: 1 and signal: null

[debug] [2026-08-02T18:06:28.435Z] Error: ENOENT: no such file or directory, open 'D:\WEB Development\Delight-Fashion\.next\export-marker.json'
[error] 
[error] Error: An unexpected error has occurred.
[debug] [2026-08-02T18:15:02.162Z] ----------------------------------------------------------------------
[debug] [2026-08-02T18:15:02.167Z] Command:       C:\Program Files\nodejs\node.exe C:\Users\Dell Latitute3490\AppData\Roaming\npm\node_modules\firebase-tools\lib\bin\firebase.js deploy --only hosting
[debug] [2026-08-02T18:15:02.167Z] CLI Version:   15.22.4
[debug] [2026-08-02T18:15:02.167Z] Platform:      win32
[debug] [2026-08-02T18:15:02.168Z] Node Version:  v20.11.0
[debug] [2026-08-02T18:15:02.168Z] Detected Agent: antigravity
[debug] [2026-08-02T18:15:02.168Z] Time:          Mon Aug 03 2026 01:15:02 GMT+0700 (Indochina Time)
[debug] [2026-08-02T18:15:02.169Z] ----------------------------------------------------------------------
[debug] 
[debug] [2026-08-02T18:15:05.260Z] > command requires scopes: ["email","openid","https://www.googleapis.com/auth/cloudplatformprojects.readonly","https://www.googleapis.com/auth/firebase","https://www.googleapis.com/auth/cloud-platform"]
[debug] [2026-08-02T18:15:05.261Z] > authorizing via signed-in user (xflowstudio5@gmail.com)
[debug] [2026-08-02T18:15:05.262Z] [iam] checking project delight-fashion for permissions ["firebase.projects.get","firebasehosting.sites.update"]
[debug] [2026-08-02T18:15:05.264Z] Checked if tokens are valid: false, expires at: 1785695261859
[debug] [2026-08-02T18:15:05.265Z] Checked if tokens are valid: false, expires at: 1785695261859
[debug] [2026-08-02T18:15:05.266Z] > refreshing access token with scopes: []
[debug] [2026-08-02T18:15:05.272Z] >>> [apiv2][query] POST https://www.googleapis.com/oauth2/v3/token [none]
[debug] [2026-08-02T18:15:05.273Z] >>> [apiv2][body] POST https://www.googleapis.com/oauth2/v3/token [omitted]
[debug] [2026-08-02T18:15:06.236Z] <<< [apiv2][status] POST https://www.googleapis.com/oauth2/v3/token 200
[debug] [2026-08-02T18:15:06.236Z] <<< [apiv2][body] POST https://www.googleapis.com/oauth2/v3/token [omitted]
[debug] [2026-08-02T18:15:06.247Z] >>> [apiv2][query] POST https://cloudresourcemanager.googleapis.com/v1/projects/delight-fashion:testIamPermissions [none]
[debug] [2026-08-02T18:15:06.247Z] >>> [apiv2][(partial)header] POST https://cloudresourcemanager.googleapis.com/v1/projects/delight-fashion:testIamPermissions  x-goog-user-project=delight-fashion
[debug] [2026-08-02T18:15:06.247Z] >>> [apiv2][body] POST https://cloudresourcemanager.googleapis.com/v1/projects/delight-fashion:testIamPermissions {"permissions":["firebase.projects.get","firebasehosting.sites.update"]}
[debug] [2026-08-02T18:15:08.374Z] <<< [apiv2][status] POST https://cloudresourcemanager.googleapis.com/v1/projects/delight-fashion:testIamPermissions 200
[debug] [2026-08-02T18:15:08.374Z] <<< [apiv2][body] POST https://cloudresourcemanager.googleapis.com/v1/projects/delight-fashion:testIamPermissions {"permissions":["firebase.projects.get","firebasehosting.sites.update"]}
[debug] [2026-08-02T18:15:08.375Z] Checked if tokens are valid: true, expires at: 1785698105236
[debug] [2026-08-02T18:15:08.375Z] Checked if tokens are valid: true, expires at: 1785698105236
[debug] [2026-08-02T18:15:08.375Z] >>> [apiv2][query] GET https://firebase.googleapis.com/v1beta1/projects/delight-fashion [none]
[debug] [2026-08-02T18:15:09.881Z] <<< [apiv2][status] GET https://firebase.googleapis.com/v1beta1/projects/delight-fashion 200
[debug] [2026-08-02T18:15:09.881Z] <<< [apiv2][body] GET https://firebase.googleapis.com/v1beta1/projects/delight-fashion {"projectId":"delight-fashion","projectNumber":"254861094885","displayName":"Delight-Fashion","name":"projects/delight-fashion","resources":{"hostingSite":"delight-fashion","realtimeDatabaseInstance":"delight-fashion-default-rtdb"},"state":"ACTIVE","labels":{"firebase":"enabled"},"etag":"1_4eda1199-f688-4973-a74e-548c478f0fbc"}
[debug] [2026-08-02T18:15:16.914Z] defaultcredentials: writing to file C:\Users\Dell Latitute3490\AppData\Roaming\firebase\xflowstudio5_gmail_com_application_default_credentials.json
[debug] [2026-08-02T18:15:16.917Z] Checked if tokens are valid: true, expires at: 1785698105236
[debug] [2026-08-02T18:15:16.917Z] Checked if tokens are valid: true, expires at: 1785698105236
[debug] [2026-08-02T18:15:16.918Z] >>> [apiv2][query] GET https://firebasehosting.googleapis.com/v1beta1/projects/delight-fashion/sites pageToken=&pageSize=10
[debug] [2026-08-02T18:15:19.313Z] <<< [apiv2][status] GET https://firebasehosting.googleapis.com/v1beta1/projects/delight-fashion/sites 200
[debug] [2026-08-02T18:15:19.314Z] <<< [apiv2][body] GET https://firebasehosting.googleapis.com/v1beta1/projects/delight-fashion/sites {"sites":[{"name":"projects/delight-fashion/sites/delight-fashion","defaultUrl":"https://delight-fashion.web.app","appId":"1:254861094885:web:c155c64500288a1f9d490c","type":"DEFAULT_SITE"},{"name":"projects/delight-fashion/sites/delight-fashion-kh","defaultUrl":"https://delight-fashion-kh.web.app","appId":"1:254861094885:web:98fbc7d9260ea46e9d490c","type":"USER_SITE"}]}
[debug] [2026-08-02T18:15:19.314Z] Checked if tokens are valid: true, expires at: 1785698105236
[debug] [2026-08-02T18:15:19.314Z] Checked if tokens are valid: true, expires at: 1785698105236
[debug] [2026-08-02T18:15:19.314Z] >>> [apiv2][query] GET https://firebase.googleapis.com/v1beta1/projects/-/webApps/1:254861094885:web:c155c64500288a1f9d490c/config [none]
[debug] [2026-08-02T18:15:20.883Z] <<< [apiv2][status] GET https://firebase.googleapis.com/v1beta1/projects/-/webApps/1:254861094885:web:c155c64500288a1f9d490c/config 200
[debug] [2026-08-02T18:15:20.883Z] <<< [apiv2][body] GET https://firebase.googleapis.com/v1beta1/projects/-/webApps/1:254861094885:web:c155c64500288a1f9d490c/config {"projectId":"delight-fashion","appId":"1:254861094885:web:c155c64500288a1f9d490c","databaseURL":"https://delight-fashion-default-rtdb.asia-southeast1.firebasedatabase.app","storageBucket":"delight-fashion.firebasestorage.app","apiKey":"AIzaSyDL8IeKhS58N57LfJqamZD0re1fmqkCAZs","authDomain":"delight-fashion.firebaseapp.com","messagingSenderId":"254861094885","measurementId":"G-Y3MGWNRHNY","projectNumber":"254861094885","version":"2"}
[info] 
   Thank you for trying our early preview of Next.js support on Firebase Hosting.
   During the preview, support is best-effort and breaking changes can be expected. Proceed with caution.
   The integration is known to work with Next.js version 12 - 16.0. You may encounter errors.

   Documentation: https://firebase.google.com/docs/hosting/frameworks/nextjs
   File a bug: https://github.com/firebase/firebase-tools/issues/new?template=bug_report.md
   Submit a feature request: https://github.com/firebase/firebase-tools/issues/new?template=feature_request.md

   We'd love to learn from you. Express your interest in helping us shape the future of Firebase Hosting: https://goo.gle/41enW5X

[debug] [2026-08-02T18:15:36.219Z] Checked if tokens are valid: true, expires at: 1785698105236
[debug] [2026-08-02T18:15:36.219Z] Checked if tokens are valid: true, expires at: 1785698105236
[debug] [2026-08-02T18:15:36.220Z] >>> [apiv2][query] GET https://firebasehosting.googleapis.com/v1beta1/projects/delight-fashion/sites/delight-fashion [none]
[debug] [2026-08-02T18:15:37.845Z] <<< [apiv2][status] GET https://firebasehosting.googleapis.com/v1beta1/projects/delight-fashion/sites/delight-fashion 200
[debug] [2026-08-02T18:15:37.845Z] <<< [apiv2][body] GET https://firebasehosting.googleapis.com/v1beta1/projects/delight-fashion/sites/delight-fashion {"name":"projects/delight-fashion/sites/delight-fashion","defaultUrl":"https://delight-fashion.web.app","appId":"1:254861094885:web:c155c64500288a1f9d490c","type":"DEFAULT_SITE"}
[info] ▲ Next.js 16.2.12 (Turbopack)

[info] - Environments: .env.local


[info]   Creating an optimized production build ...

[info] ✓ Compiled successfully in 15.0s

[info]   Running TypeScript ...

[info] Failed to type check.


[info] ./src/components/storefront/ProductDetailClient.tsx:33:5
Type error: Expected 3-4 arguments, but got 1.

  31 |     await new Promise(r => setTimeout(r, 400));
  32 |     
> 33 |     addItem({
     |     ^
  34 |       productId: product.id,
  35 |       title: product.title,
  36 |       price: product.price,

[info] Next.js build worker exited with code: 1 and signal: null

[debug] [2026-08-02T18:16:12.881Z] Error: ENOENT: no such file or directory, open 'D:\WEB Development\Delight-Fashion\.next\export-marker.json'
[error] 
[error] Error: An unexpected error has occurred.
